0;1
1;2
2;3
3;8
4;5
5;5
6;8
7;5
8;5
9;5
11;3

